lib/questions/en-b2/u196-200.ts(453,2): error TS1005: ',' expected.
lib/questions/en-b2/u196-200.ts(454,1): error TS1005: '}' expected.
lib/questions/en-b2/u201-205.ts(5,8): error TS1005: ';' expected.
lib/questions/en-b2/u201-205.ts(6,10): error TS1005: ';' expected.
lib/questions/en-b2/u201-205.ts(28,10): error TS1005: ';' expected.
lib/questions/en-b2/u201-205.ts(50,10): error TS1005: ';' expected.
lib/questions/en-b2/u201-205.ts(72,10): error TS1005: ';' expected.
lib/questions/en-b2/u201-205.ts(94,6): error TS1128: Declaration or statement expected.
lib/questions/en-b2/u201-205.ts(95,8): error TS1005: ';' expected.
lib/questions/en-b2/u201-205.ts(96,10): error TS1005: ';' expected.
lib/questions/en-b2/u201-205.ts(118,10): error TS1005: ';' expected.
lib/questions/en-b2/u201-205.ts(140,10): error TS1005: ';' expected.
lib/questions/en-b2/u201-205.ts(162,10): error TS1005: ';' expected.
lib/questions/en-b2/u201-205.ts(184,6): error TS1128: Declaration or statement expected.
lib/questions/en-b2/u201-205.ts(185,8): error TS1005: ';' expected.
lib/questions/en-b2/u201-205.ts(186,10): error TS1005: ';' expected.
lib/questions/en-b2/u201-205.ts(208,10): error TS1005: ';' expected.
lib/questions/en-b2/u201-205.ts(230,10): error TS1005: ';' expected.
lib/questions/en-b2/u201-205.ts(252,10): error TS1005: ';' expected.
lib/questions/en-b2/u201-205.ts(274,6): error TS1128: Declaration or statement expected.
lib/questions/en-b2/u201-205.ts(275,8): error TS1005: ';' expected.
lib/questions/en-b2/u201-205.ts(276,10): error TS1005: ';' expected.
lib/questions/en-b2/u201-205.ts(298,10): error TS1005: ';' expected.
lib/questions/en-b2/u201-205.ts(320,10): error TS1005: ';' expected.
lib/questions/en-b2/u201-205.ts(341,10): error TS1005: ';' expected.
lib/questions/en-b2/u201-205.ts(363,6): error TS1128: Declaration or statement expected.
lib/questions/en-b2/u201-205.ts(364,8): error TS1005: ';' expected.
lib/questions/en-b2/u201-205.ts(365,10): error TS1005: ';' expected.
lib/questions/en-b2/u201-205.ts(387,10): error TS1005: ';' expected.
lib/questions/en-b2/u201-205.ts(409,10): error TS1005: ';' expected.
lib/questions/en-b2/u201-205.ts(431,10): error TS1005: ';' expected.
lib/questions/en-b2/u201-205.ts(453,6): error TS1128: Declaration or statement expected.
lib/questions/en-b2/u201-205.ts(454,1): error TS1128: Declaration or statement expected.
lib/questions/en-b2/u216-220.ts(455,1): error TS1128: Declaration or statement expected.
